// Jest Snapshot v1, https://goo.gl/fbAQLP

exports[`Page renders with custom class 1`] = `
<div>
  <main
    class="nx-page-main test"
  >
    test
  </main>
</div>
`;
