// Jest Snapshot v1, https://goo.gl/fbAQLP

exports[`CleanupPoliciesForm renders a loading spinner 1`] = `
<div>
  <main
    class="nx-page-main nxrm-cleanup-policies"
  >
    <div
      class="nxrm-page-header"
    >
      <div
        class="nx-page-title"
      >
        <h1
          class="nx-h1 nx-feature-name"
        >
          <span>
            Edit Cleanup Policy
          </span>
        </h1>
      </div>
    </div>
    <div
      class="nxrm-content-body"
    >
      <div
        class="nxrm-section nx-tile nxrm-cleanup-policies-form"
      >
        <div
          class="nx-loading-spinner"
        >
          <svg
            aria-hidden="true"
            class="svg-inline--fa fa-circle-notch fa-w-16 fa-spin nx-loading-spinner__icon nx-icon"
            data-icon="circle-notch"
            data-prefix="fas"
            focusable="false"
            role="img"
            viewBox="0 0 512 512"
            xmlns="http://www.w3.org/2000/svg"
          >
            <path
              d="M288 39.056v16.659c0 10.804 7.281 20.159 17.686 23.066C383.204 100.434 440 171.518 440 256c0 101.689-82.295 184-184 184-101.689 0-184-82.295-184-184 0-84.47 56.786-155.564 134.312-177.219C216.719 75.874 224 66.517 224 55.712V39.064c0-15.709-14.834-27.153-30.046-23.234C86.603 43.482 7.394 141.206 8.003 257.332c.72 137.052 111.477 246.956 248.531 246.667C393.255 503.711 504 392.788 504 256c0-115.633-79.14-212.779-186.211-240.236C302.678 11.889 288 23.456 288 39.056z"
              fill="currentColor"
            />
          </svg>
          <span>
            Loadingâ€¦
          </span>
        </div>
      </div>
    </div>
  </main>
</div>
`;

exports[`CleanupPoliciesForm renders the resolved data 1`] = `
<div>
  <main
    class="nx-page-main nxrm-cleanup-policies"
  >
    <div
      class="nxrm-page-header"
    >
      <div
        class="nx-page-title"
      >
        <h1
          class="nx-h1 nx-feature-name"
        >
          <span>
            Edit Cleanup Policy
          </span>
        </h1>
      </div>
    </div>
    <div
      class="nxrm-content-body"
    >
      <div
        class="nxrm-section nx-tile nxrm-cleanup-policies-form"
      >
        <div
          class="nx-form-group"
        >
          <label
            class="nx-label"
            for="name"
          >
            <span
              class="nx-label__text"
            >
              Name
            </span>
          </label>
          <p
            class="nx-p"
          >
            Use a unique name for the cleanup policy
          </p>
          <div
            class="nx-text-input pristine valid disabled"
          >
            <div
              class="nx-text-input__box"
            >
              <input
                class="nx-text-input__input"
                disabled=""
                id="name"
                name="name"
                type="text"
                value="test name"
              />
              <svg
                aria-hidden="true"
                class="svg-inline--fa fa-check fa-w-16 nx-icon nx-icon--valid nx-icon"
                data-icon="check"
                data-prefix="fas"
                focusable="false"
                role="img"
                viewBox="0 0 512 512"
                xmlns="http://www.w3.org/2000/svg"
              >
                <path
                  d="M173.898 439.404l-166.4-166.4c-9.997-9.997-9.997-26.206 0-36.204l36.203-36.204c9.997-9.998 26.207-9.998 36.204 0L192 312.69 432.095 72.596c9.997-9.997 26.207-9.997 36.204 0l36.203 36.204c9.997 9.997 9.997 26.206 0 36.204l-294.4 294.401c-9.998 9.997-26.207 9.997-36.204-.001z"
                  fill="currentColor"
                />
              </svg>
              <svg
                aria-hidden="true"
                class="svg-inline--fa fa-exclamation-circle fa-w-16 nx-icon nx-icon--invalid nx-icon"
                data-icon="exclamation-circle"
                data-prefix="fas"
                focusable="false"
                role="img"
                viewBox="0 0 512 512"
                xmlns="http://www.w3.org/2000/svg"
              >
                <path
                  d="M504 256c0 136.997-111.043 248-248 248S8 392.997 8 256C8 119.083 119.043 8 256 8s248 111.083 248 248zm-248 50c-25.405 0-46 20.595-46 46s20.595 46 46 46 46-20.595 46-46-20.595-46-46-46zm-43.673-165.346l7.418 136c.347 6.364 5.609 11.346 11.982 11.346h48.546c6.373 0 11.635-4.982 11.982-11.346l7.418-136c.375-6.874-5.098-12.654-11.982-12.654h-63.383c-6.884 0-12.356 5.78-11.981 12.654z"
                  fill="currentColor"
                />
              </svg>
            </div>
            <div
              class="nx-text-input__invalid-message"
            />
          </div>
        </div>
        <div
          class="nx-form-group"
        >
          <label
            class="nx-label"
            for="format"
          >
            <span
              class="nx-label__text"
            >
              Format
            </span>
          </label>
          <p
            class="nx-p"
          >
            The format that this cleanup policy can be applied to
          </p>
          <select
            class="nxrm-select"
            id="format"
            name="format"
          >
            <option
              value=""
            >
              Select a format...
            </option>
            <option
              value="testformat"
            >
              Test Format
            </option>
          </select>
        </div>
        <div
          class="nx-form-group"
        >
          <label
            class="nx-label"
            for="notes"
          >
            <span
              class="nx-label__text"
            >
              Notes
            </span>
          </label>
          <div
            class="nx-text-input pristine valid"
          >
            <div
              class="nx-text-input__box"
            >
              <input
                class="nx-text-input__input"
                id="notes"
                name="notes"
                type="text"
                value="test notes"
              />
              <svg
                aria-hidden="true"
                class="svg-inline--fa fa-check fa-w-16 nx-icon nx-icon--valid nx-icon"
                data-icon="check"
                data-prefix="fas"
                focusable="false"
                role="img"
                viewBox="0 0 512 512"
                xmlns="http://www.w3.org/2000/svg"
              >
                <path
                  d="M173.898 439.404l-166.4-166.4c-9.997-9.997-9.997-26.206 0-36.204l36.203-36.204c9.997-9.998 26.207-9.998 36.204 0L192 312.69 432.095 72.596c9.997-9.997 26.207-9.997 36.204 0l36.203 36.204c9.997 9.997 9.997 26.206 0 36.204l-294.4 294.401c-9.998 9.997-26.207 9.997-36.204-.001z"
                  fill="currentColor"
                />
              </svg>
              <svg
                aria-hidden="true"
                class="svg-inline--fa fa-exclamation-circle fa-w-16 nx-icon nx-icon--invalid nx-icon"
                data-icon="exclamation-circle"
                data-prefix="fas"
                focusable="false"
                role="img"
                viewBox="0 0 512 512"
                xmlns="http://www.w3.org/2000/svg"
              >
                <path
                  d="M504 256c0 136.997-111.043 248-248 248S8 392.997 8 256C8 119.083 119.043 8 256 8s248 111.083 248 248zm-248 50c-25.405 0-46 20.595-46 46s20.595 46 46 46 46-20.595 46-46-20.595-46-46-46zm-43.673-165.346l7.418 136c.347 6.364 5.609 11.346 11.982 11.346h48.546c6.373 0 11.635-4.982 11.982-11.346l7.418-136c.375-6.874-5.098-12.654-11.982-12.654h-63.383c-6.884 0-12.356 5.78-11.981 12.654z"
                  fill="currentColor"
                />
              </svg>
            </div>
            <div
              class="nx-text-input__invalid-message"
            />
          </div>
        </div>
        <fieldset
          class="nx-fieldset"
        >
          <legend
            class="nx-label nx-legend__text"
          >
            Cleanup Criteria
          </legend>
          <div
            class="checkbox-controlled-wrapper"
          >
            <div
              class="checkbox-control"
            >
              <label
                class="nx-radio-checkbox nx-checkbox tm-checked"
              >
                <input
                  checked=""
                  class="nx-radio-checkbox__input nx-checkbox__input"
                  type="checkbox"
                />
                <span
                  class="nx-radio-checkbox__control nx-checkbox__box"
                >
                  <svg
                    aria-hidden="true"
                    class="svg-inline--fa fa-check fa-w-16 "
                    data-icon="check"
                    data-prefix="fas"
                    focusable="false"
                    role="img"
                    viewBox="0 0 512 512"
                    xmlns="http://www.w3.org/2000/svg"
                  >
                    <path
                      d="M173.898 439.404l-166.4-166.4c-9.997-9.997-9.997-26.206 0-36.204l36.203-36.204c9.997-9.998 26.207-9.998 36.204 0L192 312.69 432.095 72.596c9.997-9.997 26.207-9.997 36.204 0l36.203 36.204c9.997 9.997 9.997 26.206 0 36.204l-294.4 294.401c-9.998 9.997-26.207 9.997-36.204-.001z"
                      fill="currentColor"
                    />
                  </svg>
                </span>
              </label>
            </div>
            <div
              class="checkbox-children"
            >
              <div
                class="nx-form-group"
              >
                <label
                  class="nx-label"
                  for="criteriaLastBlobUpdated"
                >
                  <span
                    class="nx-label__text"
                  >
                    Component Age
                  </span>
                </label>
                <p
                  class="nx-p"
                >
                  Remove components that were published over:
                </p>
                <div
                  class="nx-text-input pristine valid"
                >
                  <div
                    class="nx-text-input__box"
                  >
                    <input
                      class="nx-text-input__input"
                      id="criteriaLastBlobUpdated"
                      name="criteriaLastBlobUpdated"
                      type="text"
                      value="7"
                    />
                    <svg
                      aria-hidden="true"
                      class="svg-inline--fa fa-check fa-w-16 nx-icon nx-icon--valid nx-icon"
                      data-icon="check"
                      data-prefix="fas"
                      focusable="false"
                      role="img"
                      viewBox="0 0 512 512"
                      xmlns="http://www.w3.org/2000/svg"
                    >
                      <path
                        d="M173.898 439.404l-166.4-166.4c-9.997-9.997-9.997-26.206 0-36.204l36.203-36.204c9.997-9.998 26.207-9.998 36.204 0L192 312.69 432.095 72.596c9.997-9.997 26.207-9.997 36.204 0l36.203 36.204c9.997 9.997 9.997 26.206 0 36.204l-294.4 294.401c-9.998 9.997-26.207 9.997-36.204-.001z"
                        fill="currentColor"
                      />
                    </svg>
                    <svg
                      aria-hidden="true"
                      class="svg-inline--fa fa-exclamation-circle fa-w-16 nx-icon nx-icon--invalid nx-icon"
                      data-icon="exclamation-circle"
                      data-prefix="fas"
                      focusable="false"
                      role="img"
                      viewBox="0 0 512 512"
                      xmlns="http://www.w3.org/2000/svg"
                    >
                      <path
                        d="M504 256c0 136.997-111.043 248-248 248S8 392.997 8 256C8 119.083 119.043 8 256 8s248 111.083 248 248zm-248 50c-25.405 0-46 20.595-46 46s20.595 46 46 46 46-20.595 46-46-20.595-46-46-46zm-43.673-165.346l7.418 136c.347 6.364 5.609 11.346 11.982 11.346h48.546c6.373 0 11.635-4.982 11.982-11.346l7.418-136c.375-6.874-5.098-12.654-11.982-12.654h-63.383c-6.884 0-12.356 5.78-11.981 12.654z"
                        fill="currentColor"
                      />
                    </svg>
                  </div>
                  <div
                    class="nx-text-input__invalid-message"
                  />
                </div>
                <div
                  class="suffix"
                >
                  days ago
                </div>
              </div>
            </div>
          </div>
          <div
            class="checkbox-controlled-wrapper"
          >
            <div
              class="checkbox-control"
            >
              <label
                class="nx-radio-checkbox nx-checkbox tm-checked"
              >
                <input
                  checked=""
                  class="nx-radio-checkbox__input nx-checkbox__input"
                  type="checkbox"
                />
                <span
                  class="nx-radio-checkbox__control nx-checkbox__box"
                >
                  <svg
                    aria-hidden="true"
                    class="svg-inline--fa fa-check fa-w-16 "
                    data-icon="check"
                    data-prefix="fas"
                    focusable="false"
                    role="img"
                    viewBox="0 0 512 512"
                    xmlns="http://www.w3.org/2000/svg"
                  >
                    <path
                      d="M173.898 439.404l-166.4-166.4c-9.997-9.997-9.997-26.206 0-36.204l36.203-36.204c9.997-9.998 26.207-9.998 36.204 0L192 312.69 432.095 72.596c9.997-9.997 26.207-9.997 36.204 0l36.203 36.204c9.997 9.997 9.997 26.206 0 36.204l-294.4 294.401c-9.998 9.997-26.207 9.997-36.204-.001z"
                      fill="currentColor"
                    />
                  </svg>
                </span>
              </label>
            </div>
            <div
              class="checkbox-children"
            >
              <div
                class="nx-form-group"
              >
                <label
                  class="nx-label"
                  for="criteriaLastDownloaded"
                >
                  <span
                    class="nx-label__text"
                  >
                    Component Usage
                  </span>
                </label>
                <p
                  class="nx-p"
                >
                  Remove components that haven't been downloaded in:
                </p>
                <div
                  class="nx-text-input pristine valid"
                >
                  <div
                    class="nx-text-input__box"
                  >
                    <input
                      class="nx-text-input__input"
                      id="criteriaLastDownloaded"
                      name="criteriaLastDownloaded"
                      type="text"
                      value="8"
                    />
                    <svg
                      aria-hidden="true"
                      class="svg-inline--fa fa-check fa-w-16 nx-icon nx-icon--valid nx-icon"
                      data-icon="check"
                      data-prefix="fas"
                      focusable="false"
                      role="img"
                      viewBox="0 0 512 512"
                      xmlns="http://www.w3.org/2000/svg"
                    >
                      <path
                        d="M173.898 439.404l-166.4-166.4c-9.997-9.997-9.997-26.206 0-36.204l36.203-36.204c9.997-9.998 26.207-9.998 36.204 0L192 312.69 432.095 72.596c9.997-9.997 26.207-9.997 36.204 0l36.203 36.204c9.997 9.997 9.997 26.206 0 36.204l-294.4 294.401c-9.998 9.997-26.207 9.997-36.204-.001z"
                        fill="currentColor"
                      />
                    </svg>
                    <svg
                      aria-hidden="true"
                      class="svg-inline--fa fa-exclamation-circle fa-w-16 nx-icon nx-icon--invalid nx-icon"
                      data-icon="exclamation-circle"
                      data-prefix="fas"
                      focusable="false"
                      role="img"
                      viewBox="0 0 512 512"
                      xmlns="http://www.w3.org/2000/svg"
                    >
                      <path
                        d="M504 256c0 136.997-111.043 248-248 248S8 392.997 8 256C8 119.083 119.043 8 256 8s248 111.083 248 248zm-248 50c-25.405 0-46 20.595-46 46s20.595 46 46 46 46-20.595 46-46-20.595-46-46-46zm-43.673-165.346l7.418 136c.347 6.364 5.609 11.346 11.982 11.346h48.546c6.373 0 11.635-4.982 11.982-11.346l7.418-136c.375-6.874-5.098-12.654-11.982-12.654h-63.383c-6.884 0-12.356 5.78-11.981 12.654z"
                        fill="currentColor"
                      />
                    </svg>
                  </div>
                  <div
                    class="nx-text-input__invalid-message"
                  />
                </div>
                <div
                  class="suffix"
                >
                  days
                </div>
              </div>
            </div>
          </div>
          <div
            class="checkbox-controlled-wrapper"
          >
            <div
              class="checkbox-control"
            >
              <label
                class="nx-radio-checkbox nx-checkbox tm-checked"
              >
                <input
                  checked=""
                  class="nx-radio-checkbox__input nx-checkbox__input"
                  type="checkbox"
                />
                <span
                  class="nx-radio-checkbox__control nx-checkbox__box"
                >
                  <svg
                    aria-hidden="true"
                    class="svg-inline--fa fa-check fa-w-16 "
                    data-icon="check"
                    data-prefix="fas"
                    focusable="false"
                    role="img"
                    viewBox="0 0 512 512"
                    xmlns="http://www.w3.org/2000/svg"
                  >
                    <path
                      d="M173.898 439.404l-166.4-166.4c-9.997-9.997-9.997-26.206 0-36.204l36.203-36.204c9.997-9.998 26.207-9.998 36.204 0L192 312.69 432.095 72.596c9.997-9.997 26.207-9.997 36.204 0l36.203 36.204c9.997 9.997 9.997 26.206 0 36.204l-294.4 294.401c-9.998 9.997-26.207 9.997-36.204-.001z"
                      fill="currentColor"
                    />
                  </svg>
                </span>
              </label>
            </div>
            <div
              class="checkbox-children"
            >
              <div
                class="nx-form-group"
              >
                <label
                  class="nx-label"
                  for="criteriaReleaseType"
                >
                  <span
                    class="nx-label__text"
                  >
                    Release Type
                  </span>
                </label>
                <p
                  class="nx-p"
                >
                  Remove components that are of the following release type:
                </p>
                <select
                  class="nxrm-select"
                  id="criteriaReleaseType"
                  name="criteriaReleaseType"
                >
                  <option
                    value=""
                  >
                    Select a release type...
                  </option>
                  <option
                    value="RELEASES"
                  >
                    Release Versions
                  </option>
                  <option
                    value="PRERELEASES"
                  >
                    Pre-Release / Snapshot Versions
                  </option>
                </select>
              </div>
            </div>
          </div>
          <div
            class="checkbox-controlled-wrapper"
          >
            <div
              class="checkbox-control"
            >
              <label
                class="nx-radio-checkbox nx-checkbox tm-checked"
              >
                <input
                  checked=""
                  class="nx-radio-checkbox__input nx-checkbox__input"
                  type="checkbox"
                />
                <span
                  class="nx-radio-checkbox__control nx-checkbox__box"
                >
                  <svg
                    aria-hidden="true"
                    class="svg-inline--fa fa-check fa-w-16 "
                    data-icon="check"
                    data-prefix="fas"
                    focusable="false"
                    role="img"
                    viewBox="0 0 512 512"
                    xmlns="http://www.w3.org/2000/svg"
                  >
                    <path
                      d="M173.898 439.404l-166.4-166.4c-9.997-9.997-9.997-26.206 0-36.204l36.203-36.204c9.997-9.998 26.207-9.998 36.204 0L192 312.69 432.095 72.596c9.997-9.997 26.207-9.997 36.204 0l36.203 36.204c9.997 9.997 9.997 26.206 0 36.204l-294.4 294.401c-9.998 9.997-26.207 9.997-36.204-.001z"
                      fill="currentColor"
                    />
                  </svg>
                </span>
              </label>
            </div>
            <div
              class="checkbox-children"
            >
              <div
                class="nx-form-group"
              >
                <label
                  class="nx-label"
                  for="criteriaAssetRegex"
                >
                  <span
                    class="nx-label__text"
                  >
                    Asset Name Matcher
                  </span>
                </label>
                <p
                  class="nx-p"
                >
                  Remove components that have at least one asset name matching the following regular expression pattern:
                </p>
                <div
                  class="nx-text-input pristine valid"
                >
                  <div
                    class="nx-text-input__box"
                  >
                    <input
                      class="nx-text-input__input"
                      id="criteriaAssetRegex"
                      name="criteriaAssetRegex"
                      type="text"
                      value=".*"
                    />
                    <svg
                      aria-hidden="true"
                      class="svg-inline--fa fa-check fa-w-16 nx-icon nx-icon--valid nx-icon"
                      data-icon="check"
                      data-prefix="fas"
                      focusable="false"
                      role="img"
                      viewBox="0 0 512 512"
                      xmlns="http://www.w3.org/2000/svg"
                    >
                      <path
                        d="M173.898 439.404l-166.4-166.4c-9.997-9.997-9.997-26.206 0-36.204l36.203-36.204c9.997-9.998 26.207-9.998 36.204 0L192 312.69 432.095 72.596c9.997-9.997 26.207-9.997 36.204 0l36.203 36.204c9.997 9.997 9.997 26.206 0 36.204l-294.4 294.401c-9.998 9.997-26.207 9.997-36.204-.001z"
                        fill="currentColor"
                      />
                    </svg>
                    <svg
                      aria-hidden="true"
                      class="svg-inline--fa fa-exclamation-circle fa-w-16 nx-icon nx-icon--invalid nx-icon"
                      data-icon="exclamation-circle"
                      data-prefix="fas"
                      focusable="false"
                      role="img"
                      viewBox="0 0 512 512"
                      xmlns="http://www.w3.org/2000/svg"
                    >
                      <path
                        d="M504 256c0 136.997-111.043 248-248 248S8 392.997 8 256C8 119.083 119.043 8 256 8s248 111.083 248 248zm-248 50c-25.405 0-46 20.595-46 46s20.595 46 46 46 46-20.595 46-46-20.595-46-46-46zm-43.673-165.346l7.418 136c.347 6.364 5.609 11.346 11.982 11.346h48.546c6.373 0 11.635-4.982 11.982-11.346l7.418-136c.375-6.874-5.098-12.654-11.982-12.654h-63.383c-6.884 0-12.356 5.78-11.981 12.654z"
                        fill="currentColor"
                      />
                    </svg>
                  </div>
                  <div
                    class="nx-text-input__invalid-message"
                  />
                </div>
              </div>
            </div>
          </div>
        </fieldset>
        <div
          class="nxrm-footer nx-footer"
        >
          <button
            class="nx-btn disabled nx-btn--primary"
            title="There are no changes"
            type="submit"
          >
            Save
          </button>
          <button
            class="nx-btn"
          >
            Cancel
          </button>
          <button
            class="nx-btn nx-btn--tertiary"
          >
            <svg
              aria-hidden="true"
              class="svg-inline--fa fa-trash fa-w-14 nx-icon"
              data-icon="trash"
              data-prefix="fas"
              focusable="false"
              role="img"
              viewBox="0 0 448 512"
              xmlns="http://www.w3.org/2000/svg"
            >
              <path
                d="M432 32H312l-9.4-18.7A24 24 0 0 0 281.1 0H166.8a23.72 23.72 0 0 0-21.4 13.3L136 32H16A16 16 0 0 0 0 48v32a16 16 0 0 0 16 16h416a16 16 0 0 0 16-16V48a16 16 0 0 0-16-16zM53.2 467a48 48 0 0 0 47.9 45h245.8a48 48 0 0 0 47.9-45L416 128H32z"
                fill="currentColor"
              />
            </svg>
            <span>
              Delete
            </span>
          </button>
        </div>
      </div>
      <div
        class="nxrm-section nx-tile nxrm-cleanup-policies-preview"
      >
        <h2 />
        <div
          class="nx-form-group"
        >
          <label
            class="nx-label"
            for="repository"
          >
            <span
              class="nx-label__text"
            >
              Preview Repository
            </span>
          </label>
          <p
            class="nx-p"
          >
            Select a repository to preview what might get cleaned up if this policy was applied
          </p>
          <select
            class="nxrm-select"
            id="repository"
            name="repository"
          >
            <option
              value=""
            >
              Select a repository...
            </option>
          </select>
          <button
            class="nx-btn"
            disabled=""
          >
            Preview
          </button>
        </div>
        <div
          class="nxrm-section-toolbar"
        >
          <div
            class="nxrm-spacer"
          />
          <div
            class="nx-filter-input"
          >
            <div
              class="nx-text-input__box"
            >
              <svg
                aria-hidden="true"
                class="svg-inline--fa fa-filter fa-w-16 nx-icon--filter-icons nx-icon"
                data-icon="filter"
                data-prefix="fas"
                focusable="false"
                role="img"
                viewBox="0 0 512 512"
                xmlns="http://www.w3.org/2000/svg"
              >
                <path
                  d="M487.976 0H24.028C2.71 0-8.047 25.866 7.058 40.971L192 225.941V432c0 7.831 3.821 15.17 10.237 19.662l80 55.98C298.02 518.69 320 507.493 320 487.98V225.941l184.947-184.97C520.021 25.896 509.338 0 487.976 0z"
                  fill="currentColor"
                />
              </svg>
              <input
                autocomplete="off"
                class="nx-text-input__input nx-filter-text-input"
                id="filter"
                placeholder="Filter"
                type="text"
                value=""
              />
            </div>
          </div>
        </div>
        <table
          class="nx-table"
        >
          <thead>
            <tr
              class="nx-table-row nx-table-row--header"
            >
              <th
                class="nx-cell nx-cell--header nx-cell--sortable"
              >
                <span>
                  Name
                </span>
                <span
                  class="nx-cell__sort-icons fa-layers"
                >
                  <svg
                    aria-hidden="true"
                    class="svg-inline--fa fa-sort-down fa-w-10 nx-icon"
                    data-icon="sort-down"
                    data-prefix="fas"
                    focusable="false"
                    role="img"
                    viewBox="0 0 320 512"
                    xmlns="http://www.w3.org/2000/svg"
                  >
                    <path
                      d="M41 288h238c21.4 0 32.1 25.9 17 41L177 448c-9.4 9.4-24.6 9.4-33.9 0L24 329c-15.1-15.1-4.4-41 17-41z"
                      fill="currentColor"
                    />
                  </svg>
                  <svg
                    aria-hidden="true"
                    class="svg-inline--fa fa-sort-up fa-w-10 nx-icon"
                    data-icon="sort-up"
                    data-prefix="fas"
                    focusable="false"
                    role="img"
                    viewBox="0 0 320 512"
                    xmlns="http://www.w3.org/2000/svg"
                  >
                    <path
                      d="M279 224H41c-21.4 0-32.1-25.9-17-41L143 64c9.4-9.4 24.6-9.4 33.9 0l119 119c15.2 15.1 4.5 41-16.9 41z"
                      fill="currentColor"
                    />
                  </svg>
                </span>
              </th>
              <th
                class="nx-cell nx-cell--header nx-cell--sortable"
              >
                <span>
                  Group
                </span>
                <span
                  class="nx-cell__sort-icons fa-layers"
                >
                  <svg
                    aria-hidden="true"
                    class="svg-inline--fa fa-sort fa-w-10 nx-icon"
                    data-icon="sort"
                    data-prefix="fas"
                    focusable="false"
                    role="img"
                    viewBox="0 0 320 512"
                    xmlns="http://www.w3.org/2000/svg"
                  >
                    <path
                      d="M41 288h238c21.4 0 32.1 25.9 17 41L177 448c-9.4 9.4-24.6 9.4-33.9 0L24 329c-15.1-15.1-4.4-41 17-41zm255-105L177 64c-9.4-9.4-24.6-9.4-33.9 0L24 183c-15.1 15.1-4.4 41 17 41h238c21.4 0 32.1-25.9 17-41z"
                      fill="currentColor"
                    />
                  </svg>
                </span>
              </th>
              <th
                class="nx-cell nx-cell--header nx-cell--sortable"
              >
                <span>
                  Version
                </span>
                <span
                  class="nx-cell__sort-icons fa-layers"
                >
                  <svg
                    aria-hidden="true"
                    class="svg-inline--fa fa-sort fa-w-10 nx-icon"
                    data-icon="sort"
                    data-prefix="fas"
                    focusable="false"
                    role="img"
                    viewBox="0 0 320 512"
                    xmlns="http://www.w3.org/2000/svg"
                  >
                    <path
                      d="M41 288h238c21.4 0 32.1 25.9 17 41L177 448c-9.4 9.4-24.6 9.4-33.9 0L24 329c-15.1-15.1-4.4-41 17-41zm255-105L177 64c-9.4-9.4-24.6-9.4-33.9 0L24 183c-15.1 15.1-4.4 41 17 41h238c21.4 0 32.1-25.9 17-41z"
                      fill="currentColor"
                    />
                  </svg>
                </span>
              </th>
            </tr>
          </thead>
          <tbody>
            <tr
              class="nx-table-row"
            >
              <td
                class="nx-cell"
              >
                <span>
                  No assets in repository matched the criteria
                </span>
              </td>
            </tr>
          </tbody>
        </table>
      </div>
    </div>
  </main>
</div>
`;