// Jest Snapshot v1, https://goo.gl/fbAQLP

exports[`LogViewer renders the log into the text area 1`] = `
<div>
  <main
    class="nx-page-main nxrm-log-viewer"
  >
    <div
      class="nxrm-page-header"
    >
      <div
        class="nx-page-title"
      >
        <h1
          class="nx-h1 nx-feature-name"
        >
          <svg
            aria-hidden="true"
            class="svg-inline--fa fa-scroll fa-w-20 nx-page-title__page-icon nx-icon"
            data-icon="scroll"
            data-prefix="fas"
            focusable="false"
            role="img"
            viewBox="0 0 640 512"
            xmlns="http://www.w3.org/2000/svg"
          >
            <path
              d="M48 0C21.53 0 0 21.53 0 48v64c0 8.84 7.16 16 16 16h80V48C96 21.53 74.47 0 48 0zm208 412.57V352h288V96c0-52.94-43.06-96-96-96H111.59C121.74 13.41 128 29.92 128 48v368c0 38.87 34.65 69.65 74.75 63.12C234.22 474 256 444.46 256 412.57zM288 384v32c0 52.93-43.06 96-96 96h336c61.86 0 112-50.14 112-112 0-8.84-7.16-16-16-16H288z"
              fill="currentColor"
            />
          </svg>
          <span>
            Log Viewer
          </span>
        </h1>
        <p
          class="nx-page-title__description nx-feature-description"
        >
          View the current log contents
        </p>
      </div>
      <div
        class="nxrm-page-actions"
      >
        <button
          class="nx-btn nx-btn--primary"
        >
          <span>
            Download
          </span>
        </button>
      </div>
    </div>
    <div
      class="nxrm-content-body"
    >
      <div
        class="nxrm-section nx-tile"
      >
        <div
          class="nxrm-section-toolbar"
        >
          <div
            class="nx-text-input nxrm-log-viewer-mark-text pristine valid"
          >
            <div
              class="nx-text-input__box"
            >
              <input
                class="nx-text-input__input"
                id="mark"
                name="mark"
                placeholder="Marker to insert into log"
                type="text"
                value=""
              />
              <svg
                aria-hidden="true"
                class="svg-inline--fa fa-check fa-w-16 nx-icon nx-icon--valid nx-icon"
                data-icon="check"
                data-prefix="fas"
                focusable="false"
                role="img"
                viewBox="0 0 512 512"
                xmlns="http://www.w3.org/2000/svg"
              >
                <path
                  d="M173.898 439.404l-166.4-166.4c-9.997-9.997-9.997-26.206 0-36.204l36.203-36.204c9.997-9.998 26.207-9.998 36.204 0L192 312.69 432.095 72.596c9.997-9.997 26.207-9.997 36.204 0l36.203 36.204c9.997 9.997 9.997 26.206 0 36.204l-294.4 294.401c-9.998 9.997-26.207 9.997-36.204-.001z"
                  fill="currentColor"
                />
              </svg>
              <svg
                aria-hidden="true"
                class="svg-inline--fa fa-exclamation-circle fa-w-16 nx-icon nx-icon--invalid nx-icon"
                data-icon="exclamation-circle"
                data-prefix="fas"
                focusable="false"
                role="img"
                viewBox="0 0 512 512"
                xmlns="http://www.w3.org/2000/svg"
              >
                <path
                  d="M504 256c0 136.997-111.043 248-248 248S8 392.997 8 256C8 119.083 119.043 8 256 8s248 111.083 248 248zm-248 50c-25.405 0-46 20.595-46 46s20.595 46 46 46 46-20.595 46-46-20.595-46-46-46zm-43.673-165.346l7.418 136c.347 6.364 5.609 11.346 11.982 11.346h48.546c6.373 0 11.635-4.982 11.982-11.346l7.418-136c.375-6.874-5.098-12.654-11.982-12.654h-63.383c-6.884 0-12.356 5.78-11.981 12.654z"
                  fill="currentColor"
                />
              </svg>
            </div>
            <div
              class="nx-text-input__invalid-message"
            />
          </div>
          <button
            class="nx-btn"
            id="insertMark"
          >
            <svg
              aria-hidden="true"
              class="svg-inline--fa fa-stamp fa-w-16 nx-icon"
              data-icon="stamp"
              data-prefix="fas"
              focusable="false"
              role="img"
              viewBox="0 0 512 512"
              xmlns="http://www.w3.org/2000/svg"
            >
              <path
                d="M32 512h448v-64H32v64zm384-256h-66.56c-16.26 0-29.44-13.18-29.44-29.44v-9.46c0-27.37 8.88-53.41 21.46-77.72 9.11-17.61 12.9-38.39 9.05-60.42-6.77-38.78-38.47-70.7-77.26-77.45C212.62-9.04 160 37.33 160 96c0 14.16 3.12 27.54 8.69 39.58C182.02 164.43 192 194.7 192 226.49v.07c0 16.26-13.18 29.44-29.44 29.44H96c-53.02 0-96 42.98-96 96v32c0 17.67 14.33 32 32 32h448c17.67 0 32-14.33 32-32v-32c0-53.02-42.98-96-96-96z"
                fill="currentColor"
              />
            </svg>
            <span>
              Insert Mark
            </span>
          </button>
          <div
            class="nxrm-spacer"
          />
          <label
            for="period"
          >
            Refresh Interval
          </label>
          <div
            class="nxrm-select-action"
          >
            <select
              class="nxrm-select"
              id="period"
              name="period"
            >
              <option
                value="0"
              >
                Manual
              </option>
              <option
                value="20"
              >
                Every 20 seconds
              </option>
              <option
                value="60"
              >
                Every minute
              </option>
              <option
                value="120"
              >
                Every 2 minutes
              </option>
              <option
                value="300"
              >
                Every 5 minutes
              </option>
            </select>
          </div>
          <div
            class="nxrm-select-action"
          >
            <select
              class="nxrm-select"
              id="size"
              name="size"
            >
              <option
                value="25"
              >
                Last 25KB
              </option>
              <option
                value="50"
              >
                Last 50KB
              </option>
              <option
                value="100"
              >
                Last 100KB
              </option>
            </select>
          </div>
        </div>
        <textarea
          class="nxrm-code"
          readonly=""
        >
          log data
        </textarea>
      </div>
    </div>
  </main>
</div>
`;
