// Jest Snapshot v1, https://goo.gl/fbAQLP

exports[`Textfield renders correctly without an error message 1`] = `
<div>
  <div
    class="nx-text-input valid"
  >
    <div
      class="nx-text-input__box"
    >
      <input
        class="nx-text-input__input"
        type="text"
      />
      <svg
        aria-hidden="true"
        class="svg-inline--fa fa-check fa-w-16 nx-icon nx-icon--valid nx-icon"
        data-icon="check"
        data-prefix="fas"
        focusable="false"
        role="img"
        viewBox="0 0 512 512"
        xmlns="http://www.w3.org/2000/svg"
      >
        <path
          d="M173.898 439.404l-166.4-166.4c-9.997-9.997-9.997-26.206 0-36.204l36.203-36.204c9.997-9.998 26.207-9.998 36.204 0L192 312.69 432.095 72.596c9.997-9.997 26.207-9.997 36.204 0l36.203 36.204c9.997 9.997 9.997 26.206 0 36.204l-294.4 294.401c-9.998 9.997-26.207 9.997-36.204-.001z"
          fill="currentColor"
        />
      </svg>
      <svg
        aria-hidden="true"
        class="svg-inline--fa fa-exclamation-circle fa-w-16 nx-icon nx-icon--invalid nx-icon"
        data-icon="exclamation-circle"
        data-prefix="fas"
        focusable="false"
        role="img"
        viewBox="0 0 512 512"
        xmlns="http://www.w3.org/2000/svg"
      >
        <path
          d="M504 256c0 136.997-111.043 248-248 248S8 392.997 8 256C8 119.083 119.043 8 256 8s248 111.083 248 248zm-248 50c-25.405 0-46 20.595-46 46s20.595 46 46 46 46-20.595 46-46-20.595-46-46-46zm-43.673-165.346l7.418 136c.347 6.364 5.609 11.346 11.982 11.346h48.546c6.373 0 11.635-4.982 11.982-11.346l7.418-136c.375-6.874-5.098-12.654-11.982-12.654h-63.383c-6.884 0-12.356 5.78-11.981 12.654z"
          fill="currentColor"
        />
      </svg>
    </div>
    <div
      class="nx-text-input__invalid-message"
    />
  </div>
</div>
`;

exports[`Textfield renders with a single error message 1`] = `
<div>
  <div
    class="nx-text-input invalid"
  >
    <div
      class="nx-text-input__box"
    >
      <input
        class="nx-text-input__input"
        type="text"
      />
      <svg
        aria-hidden="true"
        class="svg-inline--fa fa-check fa-w-16 nx-icon nx-icon--valid nx-icon"
        data-icon="check"
        data-prefix="fas"
        focusable="false"
        role="img"
        viewBox="0 0 512 512"
        xmlns="http://www.w3.org/2000/svg"
      >
        <path
          d="M173.898 439.404l-166.4-166.4c-9.997-9.997-9.997-26.206 0-36.204l36.203-36.204c9.997-9.998 26.207-9.998 36.204 0L192 312.69 432.095 72.596c9.997-9.997 26.207-9.997 36.204 0l36.203 36.204c9.997 9.997 9.997 26.206 0 36.204l-294.4 294.401c-9.998 9.997-26.207 9.997-36.204-.001z"
          fill="currentColor"
        />
      </svg>
      <svg
        aria-hidden="true"
        class="svg-inline--fa fa-exclamation-circle fa-w-16 nx-icon nx-icon--invalid nx-icon"
        data-icon="exclamation-circle"
        data-prefix="fas"
        focusable="false"
        role="img"
        viewBox="0 0 512 512"
        xmlns="http://www.w3.org/2000/svg"
      >
        <path
          d="M504 256c0 136.997-111.043 248-248 248S8 392.997 8 256C8 119.083 119.043 8 256 8s248 111.083 248 248zm-248 50c-25.405 0-46 20.595-46 46s20.595 46 46 46 46-20.595 46-46-20.595-46-46-46zm-43.673-165.346l7.418 136c.347 6.364 5.609 11.346 11.982 11.346h48.546c6.373 0 11.635-4.982 11.982-11.346l7.418-136c.375-6.874-5.098-12.654-11.982-12.654h-63.383c-6.884 0-12.356 5.78-11.981 12.654z"
          fill="currentColor"
        />
      </svg>
    </div>
    <div
      class="nx-text-input__invalid-message"
    >
      This field is required
    </div>
  </div>
</div>
`;
