// Jest Snapshot v1, https://goo.gl/fbAQLP

exports[`ContentSelectorsList renders a loading spinner 1`] = `
<div>
  <main
    class="nx-page-main nxrm-content-selectors"
  >
    <div
      class="nxrm-page-header"
    >
      <div
        class="nx-page-title"
      >
        <h1
          class="nx-h1 nx-feature-name"
        >
          <svg
            aria-hidden="true"
            class="svg-inline--fa fa-scroll fa-w-20 nx-page-title__page-icon nx-icon"
            data-icon="scroll"
            data-prefix="fas"
            focusable="false"
            role="img"
            viewBox="0 0 640 512"
            xmlns="http://www.w3.org/2000/svg"
          >
            <path
              d="M48 0C21.53 0 0 21.53 0 48v64c0 8.84 7.16 16 16 16h80V48C96 21.53 74.47 0 48 0zm208 412.57V352h288V96c0-52.94-43.06-96-96-96H111.59C121.74 13.41 128 29.92 128 48v368c0 38.87 34.65 69.65 74.75 63.12C234.22 474 256 444.46 256 412.57zM288 384v32c0 52.93-43.06 96-96 96h336c61.86 0 112-50.14 112-112 0-8.84-7.16-16-16-16H288z"
              fill="currentColor"
            />
          </svg>
          <span>
            Content Selectors
          </span>
        </h1>
      </div>
      <div
        class="nxrm-page-actions"
      >
        <button
          class="nx-btn nx-btn--primary"
        >
          <span>
            Create Selector
          </span>
        </button>
      </div>
    </div>
    <div
      class="nxrm-content-body"
    >
      <div
        class="nxrm-section nx-tile nxrm-content-selectors-list"
      >
        <div
          class="nxrm-section-toolbar"
        >
          <div
            class="nxrm-spacer"
          />
          <div
            class="nx-filter-input"
          >
            <div
              class="nx-text-input__box"
            >
              <svg
                aria-hidden="true"
                class="svg-inline--fa fa-filter fa-w-16 nx-icon--filter-icons nx-icon"
                data-icon="filter"
                data-prefix="fas"
                focusable="false"
                role="img"
                viewBox="0 0 512 512"
                xmlns="http://www.w3.org/2000/svg"
              >
                <path
                  d="M487.976 0H24.028C2.71 0-8.047 25.866 7.058 40.971L192 225.941V432c0 7.831 3.821 15.17 10.237 19.662l80 55.98C298.02 518.69 320 507.493 320 487.98V225.941l184.947-184.97C520.021 25.896 509.338 0 487.976 0z"
                  fill="currentColor"
                />
              </svg>
              <input
                autocomplete="off"
                class="nx-text-input__input nx-filter-text-input"
                id="filter"
                placeholder="Filter"
                type="text"
                value=""
              />
            </div>
          </div>
        </div>
        <table
          class="nx-table"
        >
          <thead>
            <tr
              class="nx-table-row nx-table-row--header"
            >
              <th
                class="nx-cell nx-cell--header nx-cell--sortable"
              >
                <span>
                  Name
                </span>
                <span
                  class="nx-cell__sort-icons fa-layers"
                >
                  <svg
                    aria-hidden="true"
                    class="svg-inline--fa fa-sort-down fa-w-10 nx-icon"
                    data-icon="sort-down"
                    data-prefix="fas"
                    focusable="false"
                    role="img"
                    viewBox="0 0 320 512"
                    xmlns="http://www.w3.org/2000/svg"
                  >
                    <path
                      d="M41 288h238c21.4 0 32.1 25.9 17 41L177 448c-9.4 9.4-24.6 9.4-33.9 0L24 329c-15.1-15.1-4.4-41 17-41z"
                      fill="currentColor"
                    />
                  </svg>
                  <svg
                    aria-hidden="true"
                    class="svg-inline--fa fa-sort-up fa-w-10 nx-icon"
                    data-icon="sort-up"
                    data-prefix="fas"
                    focusable="false"
                    role="img"
                    viewBox="0 0 320 512"
                    xmlns="http://www.w3.org/2000/svg"
                  >
                    <path
                      d="M279 224H41c-21.4 0-32.1-25.9-17-41L143 64c9.4-9.4 24.6-9.4 33.9 0l119 119c15.2 15.1 4.5 41-16.9 41z"
                      fill="currentColor"
                    />
                  </svg>
                </span>
              </th>
              <th
                class="nx-cell nx-cell--header nx-cell--sortable"
              >
                <span>
                  Type
                </span>
                <span
                  class="nx-cell__sort-icons fa-layers"
                >
                  <svg
                    aria-hidden="true"
                    class="svg-inline--fa fa-sort fa-w-10 nx-icon"
                    data-icon="sort"
                    data-prefix="fas"
                    focusable="false"
                    role="img"
                    viewBox="0 0 320 512"
                    xmlns="http://www.w3.org/2000/svg"
                  >
                    <path
                      d="M41 288h238c21.4 0 32.1 25.9 17 41L177 448c-9.4 9.4-24.6 9.4-33.9 0L24 329c-15.1-15.1-4.4-41 17-41zm255-105L177 64c-9.4-9.4-24.6-9.4-33.9 0L24 183c-15.1 15.1-4.4 41 17 41h238c21.4 0 32.1-25.9 17-41z"
                      fill="currentColor"
                    />
                  </svg>
                </span>
              </th>
              <th
                class="nx-cell nx-cell--header nx-cell--sortable"
              >
                <span>
                  Description
                </span>
                <span
                  class="nx-cell__sort-icons fa-layers"
                >
                  <svg
                    aria-hidden="true"
                    class="svg-inline--fa fa-sort fa-w-10 nx-icon"
                    data-icon="sort"
                    data-prefix="fas"
                    focusable="false"
                    role="img"
                    viewBox="0 0 320 512"
                    xmlns="http://www.w3.org/2000/svg"
                  >
                    <path
                      d="M41 288h238c21.4 0 32.1 25.9 17 41L177 448c-9.4 9.4-24.6 9.4-33.9 0L24 329c-15.1-15.1-4.4-41 17-41zm255-105L177 64c-9.4-9.4-24.6-9.4-33.9 0L24 183c-15.1 15.1-4.4 41 17 41h238c21.4 0 32.1-25.9 17-41z"
                      fill="currentColor"
                    />
                  </svg>
                </span>
              </th>
              <th
                class="nx-cell nx-cell--header nx-cell--icon"
              />
            </tr>
          </thead>
          <tbody>
            <tr
              class="nx-table-row"
            >
              <td
                class="nx-cell nx-cell--meta-info"
                colspan="4"
              >
                <div
                  class="nx-loading-spinner"
                >
                  <svg
                    aria-hidden="true"
                    class="svg-inline--fa fa-circle-notch fa-w-16 fa-spin nx-loading-spinner__icon nx-icon"
                    data-icon="circle-notch"
                    data-prefix="fas"
                    focusable="false"
                    role="img"
                    viewBox="0 0 512 512"
                    xmlns="http://www.w3.org/2000/svg"
                  >
                    <path
                      d="M288 39.056v16.659c0 10.804 7.281 20.159 17.686 23.066C383.204 100.434 440 171.518 440 256c0 101.689-82.295 184-184 184-101.689 0-184-82.295-184-184 0-84.47 56.786-155.564 134.312-177.219C216.719 75.874 224 66.517 224 55.712V39.064c0-15.709-14.834-27.153-30.046-23.234C86.603 43.482 7.394 141.206 8.003 257.332c.72 137.052 111.477 246.956 248.531 246.667C393.255 503.711 504 392.788 504 256c0-115.633-79.14-212.779-186.211-240.236C302.678 11.889 288 23.456 288 39.056z"
                      fill="currentColor"
                    />
                  </svg>
                  <span>
                    Loadingâ€¦
                  </span>
                </div>
              </td>
            </tr>
          </tbody>
        </table>
      </div>
      <div
        class="nxrm-help-tile nx-tile"
      >
        <h3>
          <svg
            aria-hidden="true"
            class="svg-inline--fa fa-info-circle fa-w-16 nx-icon"
            data-icon="info-circle"
            data-prefix="fas"
            focusable="false"
            role="img"
            viewBox="0 0 512 512"
            xmlns="http://www.w3.org/2000/svg"
          >
            <path
              d="M256 8C119.043 8 8 119.083 8 256c0 136.997 111.043 248 248 248s248-111.003 248-248C504 119.083 392.957 8 256 8zm0 110c23.196 0 42 18.804 42 42s-18.804 42-42 42-42-18.804-42-42 18.804-42 42-42zm56 254c0 6.627-5.373 12-12 12h-88c-6.627 0-12-5.373-12-12v-24c0-6.627 5.373-12 12-12h12v-64h-12c-6.627 0-12-5.373-12-12v-24c0-6.627 5.373-12 12-12h64c6.627 0 12 5.373 12 12v100h12c6.627 0 12 5.373 12 12v24z"
              fill="currentColor"
            />
          </svg>
          What is a content selector?
        </h3>
        <p>
          Content selectors provide a means for you to select specific content from your repositories. Repository content is evaluated against expressions written in CSEL (Content Selector Expression Language). For more information, 
          <a
            href="http://links.sonatype.com/products/nxrm3/docs/content-selector"
            rel="noopener noreferrer"
            target="_blank"
          >
            check the documentation
          </a>
          .
        </p>
      </div>
    </div>
  </main>
</div>
`;

exports[`ContentSelectorsList renders an error message 1`] = `
<div>
  <main
    class="nx-page-main nxrm-content-selectors"
  >
    <div
      class="nxrm-page-header"
    >
      <div
        class="nx-page-title"
      >
        <h1
          class="nx-h1 nx-feature-name"
        >
          <svg
            aria-hidden="true"
            class="svg-inline--fa fa-scroll fa-w-20 nx-page-title__page-icon nx-icon"
            data-icon="scroll"
            data-prefix="fas"
            focusable="false"
            role="img"
            viewBox="0 0 640 512"
            xmlns="http://www.w3.org/2000/svg"
          >
            <path
              d="M48 0C21.53 0 0 21.53 0 48v64c0 8.84 7.16 16 16 16h80V48C96 21.53 74.47 0 48 0zm208 412.57V352h288V96c0-52.94-43.06-96-96-96H111.59C121.74 13.41 128 29.92 128 48v368c0 38.87 34.65 69.65 74.75 63.12C234.22 474 256 444.46 256 412.57zM288 384v32c0 52.93-43.06 96-96 96h336c61.86 0 112-50.14 112-112 0-8.84-7.16-16-16-16H288z"
              fill="currentColor"
            />
          </svg>
          <span>
            Content Selectors
          </span>
        </h1>
      </div>
      <div
        class="nxrm-page-actions"
      >
        <button
          class="nx-btn nx-btn--primary"
        >
          <span>
            Create Selector
          </span>
        </button>
      </div>
    </div>
    <div
      class="nxrm-content-body"
    >
      <div
        class="nxrm-section nx-tile nxrm-content-selectors-list"
      >
        <div
          class="nxrm-section-toolbar"
        >
          <div
            class="nxrm-spacer"
          />
          <div
            class="nx-filter-input"
          >
            <div
              class="nx-text-input__box"
            >
              <svg
                aria-hidden="true"
                class="svg-inline--fa fa-filter fa-w-16 nx-icon--filter-icons nx-icon"
                data-icon="filter"
                data-prefix="fas"
                focusable="false"
                role="img"
                viewBox="0 0 512 512"
                xmlns="http://www.w3.org/2000/svg"
              >
                <path
                  d="M487.976 0H24.028C2.71 0-8.047 25.866 7.058 40.971L192 225.941V432c0 7.831 3.821 15.17 10.237 19.662l80 55.98C298.02 518.69 320 507.493 320 487.98V225.941l184.947-184.97C520.021 25.896 509.338 0 487.976 0z"
                  fill="currentColor"
                />
              </svg>
              <input
                autocomplete="off"
                class="nx-text-input__input nx-filter-text-input"
                id="filter"
                placeholder="Filter"
                type="text"
                value=""
              />
            </div>
          </div>
        </div>
        <table
          class="nx-table"
        >
          <thead>
            <tr
              class="nx-table-row nx-table-row--header"
            >
              <th
                class="nx-cell nx-cell--header nx-cell--sortable"
              >
                <span>
                  Name
                </span>
                <span
                  class="nx-cell__sort-icons fa-layers"
                >
                  <svg
                    aria-hidden="true"
                    class="svg-inline--fa fa-sort-down fa-w-10 nx-icon"
                    data-icon="sort-down"
                    data-prefix="fas"
                    focusable="false"
                    role="img"
                    viewBox="0 0 320 512"
                    xmlns="http://www.w3.org/2000/svg"
                  >
                    <path
                      d="M41 288h238c21.4 0 32.1 25.9 17 41L177 448c-9.4 9.4-24.6 9.4-33.9 0L24 329c-15.1-15.1-4.4-41 17-41z"
                      fill="currentColor"
                    />
                  </svg>
                  <svg
                    aria-hidden="true"
                    class="svg-inline--fa fa-sort-up fa-w-10 nx-icon"
                    data-icon="sort-up"
                    data-prefix="fas"
                    focusable="false"
                    role="img"
                    viewBox="0 0 320 512"
                    xmlns="http://www.w3.org/2000/svg"
                  >
                    <path
                      d="M279 224H41c-21.4 0-32.1-25.9-17-41L143 64c9.4-9.4 24.6-9.4 33.9 0l119 119c15.2 15.1 4.5 41-16.9 41z"
                      fill="currentColor"
                    />
                  </svg>
                </span>
              </th>
              <th
                class="nx-cell nx-cell--header nx-cell--sortable"
              >
                <span>
                  Type
                </span>
                <span
                  class="nx-cell__sort-icons fa-layers"
                >
                  <svg
                    aria-hidden="true"
                    class="svg-inline--fa fa-sort fa-w-10 nx-icon"
                    data-icon="sort"
                    data-prefix="fas"
                    focusable="false"
                    role="img"
                    viewBox="0 0 320 512"
                    xmlns="http://www.w3.org/2000/svg"
                  >
                    <path
                      d="M41 288h238c21.4 0 32.1 25.9 17 41L177 448c-9.4 9.4-24.6 9.4-33.9 0L24 329c-15.1-15.1-4.4-41 17-41zm255-105L177 64c-9.4-9.4-24.6-9.4-33.9 0L24 183c-15.1 15.1-4.4 41 17 41h238c21.4 0 32.1-25.9 17-41z"
                      fill="currentColor"
                    />
                  </svg>
                </span>
              </th>
              <th
                class="nx-cell nx-cell--header nx-cell--sortable"
              >
                <span>
                  Description
                </span>
                <span
                  class="nx-cell__sort-icons fa-layers"
                >
                  <svg
                    aria-hidden="true"
                    class="svg-inline--fa fa-sort fa-w-10 nx-icon"
                    data-icon="sort"
                    data-prefix="fas"
                    focusable="false"
                    role="img"
                    viewBox="0 0 320 512"
                    xmlns="http://www.w3.org/2000/svg"
                  >
                    <path
                      d="M41 288h238c21.4 0 32.1 25.9 17 41L177 448c-9.4 9.4-24.6 9.4-33.9 0L24 329c-15.1-15.1-4.4-41 17-41zm255-105L177 64c-9.4-9.4-24.6-9.4-33.9 0L24 183c-15.1 15.1-4.4 41 17 41h238c21.4 0 32.1-25.9 17-41z"
                      fill="currentColor"
                    />
                  </svg>
                </span>
              </th>
              <th
                class="nx-cell nx-cell--header nx-cell--icon"
              />
            </tr>
          </thead>
          <tbody>
            <tr
              class="nx-table-row"
            >
              <td
                class="nx-cell nx-cell--meta-info"
                colspan="4"
              >
                <div
                  class="nx-alert nx-alert--error nx-alert--load-error"
                >
                  <svg
                    aria-hidden="true"
                    class="svg-inline--fa fa-exclamation-circle fa-w-16 nx-icon"
                    data-icon="exclamation-circle"
                    data-prefix="fas"
                    focusable="false"
                    role="img"
                    viewBox="0 0 512 512"
                    xmlns="http://www.w3.org/2000/svg"
                  >
                    <path
                      d="M504 256c0 136.997-111.043 248-248 248S8 392.997 8 256C8 119.083 119.043 8 256 8s248 111.083 248 248zm-248 50c-25.405 0-46 20.595-46 46s20.595 46 46 46 46-20.595 46-46-20.595-46-46-46zm-43.673-165.346l7.418 136c.347 6.364 5.609 11.346 11.982 11.346h48.546c6.373 0 11.635-4.982 11.982-11.346l7.418-136c.375-6.874-5.098-12.654-11.982-12.654h-63.383c-6.884 0-12.356 5.78-11.981 12.654z"
                      fill="currentColor"
                    />
                  </svg>
                  <div
                    class="nx-alert__content"
                  >
                    <span
                      class="nx-load-error__message"
                    >
                      An error occurred loading data.
                       
                      Error
                    </span>
                  </div>
                </div>
              </td>
            </tr>
          </tbody>
        </table>
      </div>
      <div
        class="nxrm-help-tile nx-tile"
      >
        <h3>
          <svg
            aria-hidden="true"
            class="svg-inline--fa fa-info-circle fa-w-16 nx-icon"
            data-icon="info-circle"
            data-prefix="fas"
            focusable="false"
            role="img"
            viewBox="0 0 512 512"
            xmlns="http://www.w3.org/2000/svg"
          >
            <path
              d="M256 8C119.043 8 8 119.083 8 256c0 136.997 111.043 248 248 248s248-111.003 248-248C504 119.083 392.957 8 256 8zm0 110c23.196 0 42 18.804 42 42s-18.804 42-42 42-42-18.804-42-42 18.804-42 42-42zm56 254c0 6.627-5.373 12-12 12h-88c-6.627 0-12-5.373-12-12v-24c0-6.627 5.373-12 12-12h12v-64h-12c-6.627 0-12-5.373-12-12v-24c0-6.627 5.373-12 12-12h64c6.627 0 12 5.373 12 12v100h12c6.627 0 12 5.373 12 12v24z"
              fill="currentColor"
            />
          </svg>
          What is a content selector?
        </h3>
        <p>
          Content selectors provide a means for you to select specific content from your repositories. Repository content is evaluated against expressions written in CSEL (Content Selector Expression Language). For more information, 
          <a
            href="http://links.sonatype.com/products/nxrm3/docs/content-selector"
            rel="noopener noreferrer"
            target="_blank"
          >
            check the documentation
          </a>
          .
        </p>
      </div>
    </div>
  </main>
</div>
`;

exports[`ContentSelectorsList renders the resolved data 1`] = `
<div>
  <main
    class="nx-page-main nxrm-content-selectors"
  >
    <div
      class="nxrm-page-header"
    >
      <div
        class="nx-page-title"
      >
        <h1
          class="nx-h1 nx-feature-name"
        >
          <svg
            aria-hidden="true"
            class="svg-inline--fa fa-scroll fa-w-20 nx-page-title__page-icon nx-icon"
            data-icon="scroll"
            data-prefix="fas"
            focusable="false"
            role="img"
            viewBox="0 0 640 512"
            xmlns="http://www.w3.org/2000/svg"
          >
            <path
              d="M48 0C21.53 0 0 21.53 0 48v64c0 8.84 7.16 16 16 16h80V48C96 21.53 74.47 0 48 0zm208 412.57V352h288V96c0-52.94-43.06-96-96-96H111.59C121.74 13.41 128 29.92 128 48v368c0 38.87 34.65 69.65 74.75 63.12C234.22 474 256 444.46 256 412.57zM288 384v32c0 52.93-43.06 96-96 96h336c61.86 0 112-50.14 112-112 0-8.84-7.16-16-16-16H288z"
              fill="currentColor"
            />
          </svg>
          <span>
            Content Selectors
          </span>
        </h1>
      </div>
      <div
        class="nxrm-page-actions"
      >
        <button
          class="nx-btn nx-btn--primary"
        >
          <span>
            Create Selector
          </span>
        </button>
      </div>
    </div>
    <div
      class="nxrm-content-body"
    >
      <div
        class="nxrm-section nx-tile nxrm-content-selectors-list"
      >
        <div
          class="nxrm-section-toolbar"
        >
          <div
            class="nxrm-spacer"
          />
          <div
            class="nx-filter-input"
          >
            <div
              class="nx-text-input__box"
            >
              <svg
                aria-hidden="true"
                class="svg-inline--fa fa-filter fa-w-16 nx-icon--filter-icons nx-icon"
                data-icon="filter"
                data-prefix="fas"
                focusable="false"
                role="img"
                viewBox="0 0 512 512"
                xmlns="http://www.w3.org/2000/svg"
              >
                <path
                  d="M487.976 0H24.028C2.71 0-8.047 25.866 7.058 40.971L192 225.941V432c0 7.831 3.821 15.17 10.237 19.662l80 55.98C298.02 518.69 320 507.493 320 487.98V225.941l184.947-184.97C520.021 25.896 509.338 0 487.976 0z"
                  fill="currentColor"
                />
              </svg>
              <input
                autocomplete="off"
                class="nx-text-input__input nx-filter-text-input"
                id="filter"
                placeholder="Filter"
                type="text"
                value=""
              />
            </div>
          </div>
        </div>
        <table
          class="nx-table"
        >
          <thead>
            <tr
              class="nx-table-row nx-table-row--header"
            >
              <th
                class="nx-cell nx-cell--header nx-cell--sortable"
              >
                <span>
                  Name
                </span>
                <span
                  class="nx-cell__sort-icons fa-layers"
                >
                  <svg
                    aria-hidden="true"
                    class="svg-inline--fa fa-sort-down fa-w-10 nx-icon"
                    data-icon="sort-down"
                    data-prefix="fas"
                    focusable="false"
                    role="img"
                    viewBox="0 0 320 512"
                    xmlns="http://www.w3.org/2000/svg"
                  >
                    <path
                      d="M41 288h238c21.4 0 32.1 25.9 17 41L177 448c-9.4 9.4-24.6 9.4-33.9 0L24 329c-15.1-15.1-4.4-41 17-41z"
                      fill="currentColor"
                    />
                  </svg>
                  <svg
                    aria-hidden="true"
                    class="svg-inline--fa fa-sort-up fa-w-10 nx-icon"
                    data-icon="sort-up"
                    data-prefix="fas"
                    focusable="false"
                    role="img"
                    viewBox="0 0 320 512"
                    xmlns="http://www.w3.org/2000/svg"
                  >
                    <path
                      d="M279 224H41c-21.4 0-32.1-25.9-17-41L143 64c9.4-9.4 24.6-9.4 33.9 0l119 119c15.2 15.1 4.5 41-16.9 41z"
                      fill="currentColor"
                    />
                  </svg>
                </span>
              </th>
              <th
                class="nx-cell nx-cell--header nx-cell--sortable"
              >
                <span>
                  Type
                </span>
                <span
                  class="nx-cell__sort-icons fa-layers"
                >
                  <svg
                    aria-hidden="true"
                    class="svg-inline--fa fa-sort fa-w-10 nx-icon"
                    data-icon="sort"
                    data-prefix="fas"
                    focusable="false"
                    role="img"
                    viewBox="0 0 320 512"
                    xmlns="http://www.w3.org/2000/svg"
                  >
                    <path
                      d="M41 288h238c21.4 0 32.1 25.9 17 41L177 448c-9.4 9.4-24.6 9.4-33.9 0L24 329c-15.1-15.1-4.4-41 17-41zm255-105L177 64c-9.4-9.4-24.6-9.4-33.9 0L24 183c-15.1 15.1-4.4 41 17 41h238c21.4 0 32.1-25.9 17-41z"
                      fill="currentColor"
                    />
                  </svg>
                </span>
              </th>
              <th
                class="nx-cell nx-cell--header nx-cell--sortable"
              >
                <span>
                  Description
                </span>
                <span
                  class="nx-cell__sort-icons fa-layers"
                >
                  <svg
                    aria-hidden="true"
                    class="svg-inline--fa fa-sort fa-w-10 nx-icon"
                    data-icon="sort"
                    data-prefix="fas"
                    focusable="false"
                    role="img"
                    viewBox="0 0 320 512"
                    xmlns="http://www.w3.org/2000/svg"
                  >
                    <path
                      d="M41 288h238c21.4 0 32.1 25.9 17 41L177 448c-9.4 9.4-24.6 9.4-33.9 0L24 329c-15.1-15.1-4.4-41 17-41zm255-105L177 64c-9.4-9.4-24.6-9.4-33.9 0L24 183c-15.1 15.1-4.4 41 17 41h238c21.4 0 32.1-25.9 17-41z"
                      fill="currentColor"
                    />
                  </svg>
                </span>
              </th>
              <th
                class="nx-cell nx-cell--header nx-cell--icon"
              />
            </tr>
          </thead>
          <tbody>
            <tr
              class="nx-table-row nx-clickable"
            >
              <td
                class="nx-cell"
              >
                <span>
                  an xss&lt;img src="/static/rapture/resources/icons/x16/user.png" onload="alert(0)"&gt;
                </span>
              </td>
              <td
                class="nx-cell"
              >
                <span>
                  CSEL
                </span>
              </td>
              <td
                class="nx-cell"
              >
                <span>
                  description
                </span>
              </td>
              <td
                class="nx-cell nx-cell--icon"
              >
                <svg
                  aria-hidden="true"
                  class="svg-inline--fa fa-chevron-right fa-w-10 nx-icon"
                  data-icon="chevron-right"
                  data-prefix="fas"
                  focusable="false"
                  role="img"
                  viewBox="0 0 320 512"
                  xmlns="http://www.w3.org/2000/svg"
                >
                  <path
                    d="M285.476 272.971L91.132 467.314c-9.373 9.373-24.569 9.373-33.941 0l-22.667-22.667c-9.357-9.357-9.375-24.522-.04-33.901L188.505 256 34.484 101.255c-9.335-9.379-9.317-24.544.04-33.901l22.667-22.667c9.373-9.373 24.569-9.373 33.941 0L285.475 239.03c9.373 9.372 9.373 24.568.001 33.941z"
                    fill="currentColor"
                  />
                </svg>
              </td>
            </tr>
            <tr
              class="nx-table-row nx-clickable"
            >
              <td
                class="nx-cell"
              >
                <span>
                  jexl-selector
                </span>
              </td>
              <td
                class="nx-cell"
              >
                <span>
                  JEXL
                </span>
              </td>
              <td
                class="nx-cell"
              >
                <span>
                  jexl-description
                </span>
              </td>
              <td
                class="nx-cell nx-cell--icon"
              >
                <svg
                  aria-hidden="true"
                  class="svg-inline--fa fa-chevron-right fa-w-10 nx-icon"
                  data-icon="chevron-right"
                  data-prefix="fas"
                  focusable="false"
                  role="img"
                  viewBox="0 0 320 512"
                  xmlns="http://www.w3.org/2000/svg"
                >
                  <path
                    d="M285.476 272.971L91.132 467.314c-9.373 9.373-24.569 9.373-33.941 0l-22.667-22.667c-9.357-9.357-9.375-24.522-.04-33.901L188.505 256 34.484 101.255c-9.335-9.379-9.317-24.544.04-33.901l22.667-22.667c9.373-9.373 24.569-9.373 33.941 0L285.475 239.03c9.373 9.372 9.373 24.568.001 33.941z"
                    fill="currentColor"
                  />
                </svg>
              </td>
            </tr>
          </tbody>
        </table>
      </div>
      <div
        class="nxrm-help-tile nx-tile"
      >
        <h3>
          <svg
            aria-hidden="true"
            class="svg-inline--fa fa-info-circle fa-w-16 nx-icon"
            data-icon="info-circle"
            data-prefix="fas"
            focusable="false"
            role="img"
            viewBox="0 0 512 512"
            xmlns="http://www.w3.org/2000/svg"
          >
            <path
              d="M256 8C119.043 8 8 119.083 8 256c0 136.997 111.043 248 248 248s248-111.003 248-248C504 119.083 392.957 8 256 8zm0 110c23.196 0 42 18.804 42 42s-18.804 42-42 42-42-18.804-42-42 18.804-42 42-42zm56 254c0 6.627-5.373 12-12 12h-88c-6.627 0-12-5.373-12-12v-24c0-6.627 5.373-12 12-12h12v-64h-12c-6.627 0-12-5.373-12-12v-24c0-6.627 5.373-12 12-12h64c6.627 0 12 5.373 12 12v100h12c6.627 0 12 5.373 12 12v24z"
              fill="currentColor"
            />
          </svg>
          What is a content selector?
        </h3>
        <p>
          Content selectors provide a means for you to select specific content from your repositories. Repository content is evaluated against expressions written in CSEL (Content Selector Expression Language). For more information, 
          <a
            href="http://links.sonatype.com/products/nxrm3/docs/content-selector"
            rel="noopener noreferrer"
            target="_blank"
          >
            check the documentation
          </a>
          .
        </p>
      </div>
    </div>
  </main>
</div>
`;
