// Jest Snapshot v1, https://goo.gl/fbAQLP

exports[`SupportZipResponse renders support zip response 1`] = `
<div>
  <div
    class="nxrm-support-zip-response"
  >
    <h2>
      Support ZIP Created
    </h2>
    <p>
      Support ZIP has been created.
      <br />
      You can reference this file on the filesystem or download the file from your browser.
    </p>
    <div
      class="nx-form-group"
    >
      <label
        class="nx-label"
        for="name"
      >
        <span
          class="nx-label__text"
        >
          Name:
        </span>
      </label>
      <div
        class="nx-text-input valid disabled"
      >
        <div
          class="nx-text-input__box"
        >
          <input
            class="nx-text-input__input"
            disabled=""
            id="name"
            name="name"
            type="text"
            value="support-20200527-095617-6.zip"
          />
          <svg
            aria-hidden="true"
            class="svg-inline--fa fa-check fa-w-16 nx-icon nx-icon--valid nx-icon"
            data-icon="check"
            data-prefix="fas"
            focusable="false"
            role="img"
            viewBox="0 0 512 512"
            xmlns="http://www.w3.org/2000/svg"
          >
            <path
              d="M173.898 439.404l-166.4-166.4c-9.997-9.997-9.997-26.206 0-36.204l36.203-36.204c9.997-9.998 26.207-9.998 36.204 0L192 312.69 432.095 72.596c9.997-9.997 26.207-9.997 36.204 0l36.203 36.204c9.997 9.997 9.997 26.206 0 36.204l-294.4 294.401c-9.998 9.997-26.207 9.997-36.204-.001z"
              fill="currentColor"
            />
          </svg>
          <svg
            aria-hidden="true"
            class="svg-inline--fa fa-exclamation-circle fa-w-16 nx-icon nx-icon--invalid nx-icon"
            data-icon="exclamation-circle"
            data-prefix="fas"
            focusable="false"
            role="img"
            viewBox="0 0 512 512"
            xmlns="http://www.w3.org/2000/svg"
          >
            <path
              d="M504 256c0 136.997-111.043 248-248 248S8 392.997 8 256C8 119.083 119.043 8 256 8s248 111.083 248 248zm-248 50c-25.405 0-46 20.595-46 46s20.595 46 46 46 46-20.595 46-46-20.595-46-46-46zm-43.673-165.346l7.418 136c.347 6.364 5.609 11.346 11.982 11.346h48.546c6.373 0 11.635-4.982 11.982-11.346l7.418-136c.375-6.874-5.098-12.654-11.982-12.654h-63.383c-6.884 0-12.356 5.78-11.981 12.654z"
              fill="currentColor"
            />
          </svg>
        </div>
        <div
          class="nx-text-input__invalid-message"
        />
      </div>
    </div>
    <div
      class="nx-form-group"
    >
      <label
        class="nx-label"
        for="size"
      >
        <span
          class="nx-label__text"
        >
          Size:
        </span>
      </label>
      <div
        class="nx-text-input valid disabled"
      >
        <div
          class="nx-text-input__box"
        >
          <input
            class="nx-text-input__input"
            disabled=""
            id="size"
            name="size"
            type="text"
            value="281152"
          />
          <svg
            aria-hidden="true"
            class="svg-inline--fa fa-check fa-w-16 nx-icon nx-icon--valid nx-icon"
            data-icon="check"
            data-prefix="fas"
            focusable="false"
            role="img"
            viewBox="0 0 512 512"
            xmlns="http://www.w3.org/2000/svg"
          >
            <path
              d="M173.898 439.404l-166.4-166.4c-9.997-9.997-9.997-26.206 0-36.204l36.203-36.204c9.997-9.998 26.207-9.998 36.204 0L192 312.69 432.095 72.596c9.997-9.997 26.207-9.997 36.204 0l36.203 36.204c9.997 9.997 9.997 26.206 0 36.204l-294.4 294.401c-9.998 9.997-26.207 9.997-36.204-.001z"
              fill="currentColor"
            />
          </svg>
          <svg
            aria-hidden="true"
            class="svg-inline--fa fa-exclamation-circle fa-w-16 nx-icon nx-icon--invalid nx-icon"
            data-icon="exclamation-circle"
            data-prefix="fas"
            focusable="false"
            role="img"
            viewBox="0 0 512 512"
            xmlns="http://www.w3.org/2000/svg"
          >
            <path
              d="M504 256c0 136.997-111.043 248-248 248S8 392.997 8 256C8 119.083 119.043 8 256 8s248 111.083 248 248zm-248 50c-25.405 0-46 20.595-46 46s20.595 46 46 46 46-20.595 46-46-20.595-46-46-46zm-43.673-165.346l7.418 136c.347 6.364 5.609 11.346 11.982 11.346h48.546c6.373 0 11.635-4.982 11.982-11.346l7.418-136c.375-6.874-5.098-12.654-11.982-12.654h-63.383c-6.884 0-12.356 5.78-11.981 12.654z"
              fill="currentColor"
            />
          </svg>
        </div>
        <div
          class="nx-text-input__invalid-message"
        />
      </div>
    </div>
    <div
      class="nx-form-group"
    >
      <label
        class="nx-label"
        for="file"
      >
        <span
          class="nx-label__text"
        >
          Path:
        </span>
      </label>
      <div
        class="nx-text-input valid disabled"
      >
        <div
          class="nx-text-input__box"
        >
          <input
            class="nx-text-input__input"
            disabled=""
            id="file"
            name="file"
            type="text"
            value="/Users/ataylor/dev/sonatype/nexus-internal/target/sonatype-work/nexus3/downloads/support-20200527-095617-6.zip"
          />
          <svg
            aria-hidden="true"
            class="svg-inline--fa fa-check fa-w-16 nx-icon nx-icon--valid nx-icon"
            data-icon="check"
            data-prefix="fas"
            focusable="false"
            role="img"
            viewBox="0 0 512 512"
            xmlns="http://www.w3.org/2000/svg"
          >
            <path
              d="M173.898 439.404l-166.4-166.4c-9.997-9.997-9.997-26.206 0-36.204l36.203-36.204c9.997-9.998 26.207-9.998 36.204 0L192 312.69 432.095 72.596c9.997-9.997 26.207-9.997 36.204 0l36.203 36.204c9.997 9.997 9.997 26.206 0 36.204l-294.4 294.401c-9.998 9.997-26.207 9.997-36.204-.001z"
              fill="currentColor"
            />
          </svg>
          <svg
            aria-hidden="true"
            class="svg-inline--fa fa-exclamation-circle fa-w-16 nx-icon nx-icon--invalid nx-icon"
            data-icon="exclamation-circle"
            data-prefix="fas"
            focusable="false"
            role="img"
            viewBox="0 0 512 512"
            xmlns="http://www.w3.org/2000/svg"
          >
            <path
              d="M504 256c0 136.997-111.043 248-248 248S8 392.997 8 256C8 119.083 119.043 8 256 8s248 111.083 248 248zm-248 50c-25.405 0-46 20.595-46 46s20.595 46 46 46 46-20.595 46-46-20.595-46-46-46zm-43.673-165.346l7.418 136c.347 6.364 5.609 11.346 11.982 11.346h48.546c6.373 0 11.635-4.982 11.982-11.346l7.418-136c.375-6.874-5.098-12.654-11.982-12.654h-63.383c-6.884 0-12.356 5.78-11.981 12.654z"
              fill="currentColor"
            />
          </svg>
        </div>
        <div
          class="nx-text-input__invalid-message"
        />
      </div>
    </div>
    <div
      class="nxrm-footer nx-footer"
    >
      <button
        class="nx-btn nx-btn--primary"
        type="submit"
      >
        <svg
          aria-hidden="true"
          class="svg-inline--fa fa-download fa-w-16 nx-icon"
          data-icon="download"
          data-prefix="fas"
          focusable="false"
          role="img"
          viewBox="0 0 512 512"
          xmlns="http://www.w3.org/2000/svg"
        >
          <path
            d="M216 0h80c13.3 0 24 10.7 24 24v168h87.7c17.8 0 26.7 21.5 14.1 34.1L269.7 378.3c-7.5 7.5-19.8 7.5-27.3 0L90.1 226.1c-12.6-12.6-3.7-34.1 14.1-34.1H192V24c0-13.3 10.7-24 24-24zm296 376v112c0 13.3-10.7 24-24 24H24c-13.3 0-24-10.7-24-24V376c0-13.3 10.7-24 24-24h146.7l49 49c20.1 20.1 52.5 20.1 72.6 0l49-49H488c13.3 0 24 10.7 24 24zm-124 88c0-11-9-20-20-20s-20 9-20 20 9 20 20 20 20-9 20-20zm64 0c0-11-9-20-20-20s-20 9-20 20 9 20 20 20 20-9 20-20z"
            fill="currentColor"
          />
        </svg>
        <span>
          Download
        </span>
      </button>
    </div>
  </div>
</div>
`;
