// Jest Snapshot v1, https://goo.gl/fbAQLP

exports[`SectionFooter renders correctly 1`] = `
<div>
  <div
    class="nxrm-footer nx-footer"
  >
    footer
  </div>
</div>
`;
